eror 1
error 2
233